[index-2.html]
[sitemap.xml]
[lazysizes/index.js]
[favicon.ico]
[manifest.json]
[css/inspire/w.css]
[css/inspire/normalize.css]
[css/inspire/index.css]
[css/inspire/custom.css]
[sw.js]
[popper/popper.js]
[categories/sportmassage-in-haarlem.html]
[categories/haarlem-triggerpoint-massage.html]
[categories/relax-massage-haarlem.html]
[categories/haarlem-relax-massage.html]
[categories/haarlem-cupping.html]
[categories/massages-in-haarlem.html]
[categories/haarlem-massagesalon.html]
[photo/2014/03/11/22/57/wellness-285589_1280.jpg]
[page/let-go-top-triggerpoint-massage-haarlem-I8OVaVDXoM.html]
[photo/2020/09/17/09/53/massage-5578601_960_720.jpg]
[page/relax-top-haarlem-relax-massage-lIfO0gDwRb.html]
[photo/2018/11/05/09/53/massage-3795691_960_720.jpg]
[page/let-go-best-haarlem-sport-massage-B8Lj4KZMkH.html]
[photo/2021/03/06/13/35/therapy-6073728_960_720.jpg]
[page/unwind-top-voet-massage-haarlem-CiZALB950t.html]
[categories.html]
[photo/2018/07/08/19/20/foot-massage-3524546_1280.jpg]
[page/de-stress-top-haarlem-sport-massage-IeTzAj_ys.html]
[photo/2016/08/11/02/23/massage-therapy-1584711_1280.jpg]
[page/let-go-best-holistische-massage-haarlem-4ZJXhoXa9t.html]
[photo/2020/03/08/14/48/spa-4912659_960_720.jpg]
[page/let-go-top-bindweefselmassage-haarlem-qW4U5Hpv5iI.html]
[photo/2020/07/08/01/31/spa-5382258_960_720.jpg]
[page/de-stress-top-haarlem-deep-tissue-massage-rTal09mcLoV.html]
[photo/2017/05/22/06/13/massage-2333200_960_720.jpg]
[page/let-go-best-ontspanningsmassage-haarlem-xSJXiHUEuXB.html]
[page/relax-top-holistic-massage-haarlem-cMU3grElp0M.html]
[photo/2014/07/11/08/54/massage-389719_1280.jpg]
[page/let-go-top-ontspannings-massage-haarlem-BsYDSj6Yrwy.html]
[photo/2019/09/16/17/43/spa-4481583_960_720.jpg]
[page/de-stress-best-massagesalon-haarlem-8zRC09NTsir.html]
[photo/2016/04/01/09/23/abstract-1299334_1280.png]
[index-2.html]
[css/inspire/w.css]
[css/inspire/normalize.css]
[css/inspire/index.css]
[css/inspire/custom.css]
[css/fonts/roboto.css]
[page/de-stress-best-relax-massage-haarlem-E0-4wq4KScZ.html]
[page/let-go-best-cupping-massage-haarlem-O6i4nhyiki_.html]
[page/unwind-top-sport-massage-haarlem-SXttQPsa4rJ.html]
[photo/2020/08/30/14/53/massage-5529798_1280.jpg]
[page/unwind-best-professionele-massage-haarlem-UaX3pc9C2CS.html]
[page/let-go-best-triggerpoint-massage-haarlem-I9mMk99VJoa.html]
[page/relax-best-bindweefsel-massage-haarlem-E_oHAvZmgVc.html]
[photo/2014/03/11/22/56/wellness-285587_640.jpg]
[page/unwind-top-haarlem-massage-7xVc6AKW9us.html]
[photo/2020/07/07/05/18/massage-heart-5379270__480.png]
[categories/sportmassage-in-haarlem.html]
[page/relax-top-haarlem-relax-massage-Fvt3LxFfa91.html]
[photo/2017/09/20/14/58/massage-2768832_1280.jpg]
[page/let-go-best-ontspannings-massage-haarlem-AxgUy_BRQZE.html]
[photo/2014/07/11/09/03/massage-389727__340.jpg]
[page/unwind-best-haarlem-cupping-kjZiWi5xUtQ.html]
[photo/2018/08/12/21/26/massage-3601814_1280.jpg]
[page/relax-best-haarlem-deep-tissue-massage-hzF41zQo7CW.html]
[photo/2018/11/05/09/54/massage-3795693__480.jpg]
[categories/haarlem-triggerpoint-massage.html]
[page/unwind-top-massagesalon-haarlem-JKb68Cr0k9E.html]
[photo/2017/03/23/18/38/massage-handle-2169102_1280.jpg]
[categories/relax-massage-haarlem.html]
[page/unwind-best-holistic-massage-haarlem-4pd08aOdkAb.html]
[photo/2017/05/22/06/14/massage-2333203_1280.jpg]
[page/de-stress-top-haarlem-sportmassage-Fl7w2rl1AE.html]
[page/relax-top-ritmische-massage-haarlem-XufP6XXcmN3.html]
[photo/2017/01/18/13/26/wellness-1989862__340.jpg]
[page/de-stress-top-haarlem-deep-tissue-massage-BRi8Fglu6oR.html]
[photo/2020/01/28/19/59/thai-massage-4800866_1280.jpg]
[page/de-stress-best-triggerpoint-massage-haarlem-VoIVSJOjn2y.html]
[categories/haarlem-relax-massage.html]
[page/unwind-best-massage-praktijk-haarlem-cw_Uc3CUZ1i.html]
[photo/2020/03/08/14/52/oil-4912674_960_720.jpg]
[page/unwind-best-sportmassage-haarlem-twJ0jGHA5Cq.html]
[photo/2017/09/05/12/21/massage-2717431_1280.jpg]
[page/de-stress-top-haarlem-professionele-massage-Pbm00A7_Hv.html]
[photo/2020/09/17/09/52/massage-5578598_1280.jpg]
[page/unwind-top-voet-massage-haarlem-Uc9OiW3rvMh.html]
[categories/haarlem-cupping.html]
[categories/massages-in-haarlem.html]
[categories/haarlem-massagesalon.html]
[page/unwind-top-haarlem-ontspanningsmassage-AJ1mzynHAZZ.html]
[page/let-go-top-triggerpoint-massage-haarlem-I8OVaVDXoM162c.html]
[photo/2014/03/11/22/56/wellness-285588_1280.jpg]
[page/let-go-top-triggerpoint-massage-haarlem-I8OVaVDXoM.html]
[page/relax-top-haarlem-relax-massage-lIfO0gDwRb162c.html]
[page/de-stress-top-haarlem-shiatsu-massage--uqLwA9UnRv.html]
[photo/2017/02/24/22/37/massage-2096580_1280.jpg]
[photo/2019/12/05/05/47/spa-4674346_960_720.jpg]
[page/relax-top-haarlem-relax-massage-lIfO0gDwRb.html]
[page/let-go-best-haarlem-sport-massage-B8Lj4KZMkH162c.html]
[photo/2017/05/22/06/20/massage-2333207_960_720.jpg]
[page/let-go-best-haarlem-sport-massage-B8Lj4KZMkH.html]
[photo/2021/09/07/15/24/cupping-therapy-6604217_960_720.jpg]
[page/unwind-top-voet-massage-haarlem-CiZALB950t162c.html]
[photo/2016/12/24/16/16/massage-1929064_1280.jpg]
[page/unwind-top-voet-massage-haarlem-CiZALB950t.html]
[categories.html]
[page/de-stress-top-haarlem-sport-massage-IeTzAj_ys162c.html]
[page/de-stress-top-haarlem-sport-massage-IeTzAj_ys.html]
[photo/2017/05/22/06/19/massage-2333206_960_720.jpg]
[page/let-go-best-holistische-massage-haarlem-4ZJXhoXa9t162c.html]
[photo/2017/06/25/19/42/massage-2441741__340.jpg]
[page/let-go-best-holistische-massage-haarlem-4ZJXhoXa9t.html]
[page/let-go-top-bindweefselmassage-haarlem-qW4U5Hpv5iI162c.html]
[photo/2016/03/05/15/40/massage-1237913_1280.png]
[page/let-go-top-bindweefselmassage-haarlem-qW4U5Hpv5iI.html]
[photo/2016/09/23/20/06/relax-1690338_1280.jpg]
[page/de-stress-top-haarlem-deep-tissue-massage-rTal09mcLoV.html]
[page/de-stress-top-haarlem-deep-tissue-massage-rTal09mcLoV162c.html]
[page/let-go-best-ontspanningsmassage-haarlem-xSJXiHUEuXB162c.html]
[page/let-go-best-ontspanningsmassage-haarlem-xSJXiHUEuXB.html]
[photo/2020/03/09/19/06/massage-4916847_1280.jpg]
[page/relax-top-holistic-massage-haarlem-cMU3grElp0M162c.html]
[photo/2015/10/31/12/29/massage-1015568__340.jpg]
[page/relax-top-holistic-massage-haarlem-cMU3grElp0M.html]
[page/let-go-top-ontspannings-massage-haarlem-BsYDSj6Yrwy162c.html]
[photo/2017/05/22/06/13/massage-2333201_1280.jpg]
[photo/2017/03/10/17/04/physiotherapy-2133286__480.jpg]
[page/let-go-top-ontspannings-massage-haarlem-BsYDSj6Yrwy.html]
[page/de-stress-best-massagesalon-haarlem-8zRC09NTsir162c.html]
[photo/2016/04/13/22/12/hands-1327811_960_720.jpg]
[page/de-stress-best-massagesalon-haarlem-8zRC09NTsir.html]
[page/de-stress-best-relax-massage-haarlem-E0-4wq4KScZ162c.html]
[page/de-stress-best-relax-massage-haarlem-E0-4wq4KScZ.html]
[photo/2014/07/11/08/49/massage-389717_1280.jpg]
[page/let-go-best-cupping-massage-haarlem-O6i4nhyiki_162c.html]
[photo/2017/05/02/06/40/mannequin-2277452_1280.png]
[photo/2014/03/11/22/57/wellness-285590_640.jpg]
[page/let-go-best-cupping-massage-haarlem-O6i4nhyiki_.html]
[page/unwind-top-sport-massage-haarlem-SXttQPsa4rJ162c.html]
[page/unwind-top-bindweefsel-massage-haarlem-F50mQRojhOF.html]
[photo/2017/07/29/17/29/candle-2552148_960_720.jpg]
[page/unwind-top-sport-massage-haarlem-SXttQPsa4rJ.html]
[page/unwind-best-professionele-massage-haarlem-UaX3pc9C2CS162c.html]
[photo/2015/11/01/18/14/massage-1017255_1280.png]
[page/unwind-best-professionele-massage-haarlem-UaX3pc9C2CS.html]
[page/let-go-best-triggerpoint-massage-haarlem-I9mMk99VJoa.html]
[page/let-go-best-triggerpoint-massage-haarlem-I9mMk99VJoa162c.html]
[page/relax-best-bindweefsel-massage-haarlem-E_oHAvZmgVc.html]
[page/relax-best-bindweefsel-massage-haarlem-E_oHAvZmgVc162c.html]
[page/unwind-top-haarlem-massage-7xVc6AKW9us162c.html]
[photo/2019/01/23/08/19/cosmetology-3949746_960_720.jpg]
[page/unwind-top-haarlem-massage-7xVc6AKW9us.html]
[page/relax-top-haarlem-relax-massage-Fvt3LxFfa91162c.html]
[page/relax-top-haarlem-relax-massage-Fvt3LxFfa91.html]
[page/de-stress-top-haarlem-relax-massage-tecWnHAcwUO.html]
[page/let-go-best-ontspannings-massage-haarlem-AxgUy_BRQZE162c.html]
[photo/2020/10/14/06/49/hot-stones-5653425_1280.jpg]
[photo/2018/09/28/08/30/woman-3708735__340.jpg]
[page/let-go-best-ontspannings-massage-haarlem-AxgUy_BRQZE.html]
[page/unwind-best-haarlem-cupping-kjZiWi5xUtQ.html]
[page/unwind-best-haarlem-cupping-kjZiWi5xUtQ162c.html]
[page/relax-best-haarlem-deep-tissue-massage-hzF41zQo7CW162c.html]
[photo/2020/01/26/18/05/massage-4795385_1280.jpg]
[page/relax-best-haarlem-deep-tissue-massage-hzF41zQo7CW.html]
[page/unwind-top-massagesalon-haarlem-JKb68Cr0k9E162c.html]
[photo/2015/11/01/18/14/massage-1017255_960_720.png]
[page/unwind-top-massagesalon-haarlem-JKb68Cr0k9E.html]
[page/unwind-best-holistic-massage-haarlem-4pd08aOdkAb162c.html]
[photo/2017/10/15/03/20/back-massage-2852486__480.jpg]
[page/unwind-best-holistic-massage-haarlem-4pd08aOdkAb.html]
[page/de-stress-best-ontspannings-massage-haarlem-7E1_t8xhraV.html]
[page/de-stress-top-haarlem-sportmassage-Fl7w2rl1AE162c.html]
[page/de-stress-top-haarlem-sportmassage-Fl7w2rl1AE.html]
[photo/2017/01/18/13/27/wellness-1989868__340.jpg]
[page/relax-top-ritmische-massage-haarlem-XufP6XXcmN3.html]
[page/relax-top-ritmische-massage-haarlem-XufP6XXcmN3162c.html]
[page/de-stress-top-haarlem-deep-tissue-massage-BRi8Fglu6oR162c.html]
[page/let-go-best-sportmassage-haarlem-MnuaHwXs1GH.html]
[photo/2018/07/11/08/53/head-massage-3530560__340.jpg]
[page/de-stress-top-haarlem-deep-tissue-massage-BRi8Fglu6oR.html]
[page/de-stress-best-triggerpoint-massage-haarlem-VoIVSJOjn2y.html]
[page/de-stress-best-triggerpoint-massage-haarlem-VoIVSJOjn2y162c.html]
[page/unwind-best-massage-praktijk-haarlem-cw_Uc3CUZ1i162c.html]
[photo/2015/10/31/12/29/massage-1015569_960_720.jpg]
[page/unwind-best-massage-praktijk-haarlem-cw_Uc3CUZ1i.html]
[page/de-stress-best-haarlem-massage-OW7NqKR1EcR.html]
[page/unwind-best-sportmassage-haarlem-twJ0jGHA5Cq.html]
[page/unwind-best-sportmassage-haarlem-twJ0jGHA5Cq162c.html]
[page/de-stress-top-haarlem-professionele-massage-Pbm00A7_Hv.html]
[page/de-stress-top-haarlem-professionele-massage-Pbm00A7_Hv162c.html]
[page/unwind-top-voet-massage-haarlem-Uc9OiW3rvMh.html]
[page/unwind-top-voet-massage-haarlem-Uc9OiW3rvMh162c.html]
[page/unwind-top-haarlem-ontspanningsmassage-AJ1mzynHAZZ162c.html]
[photo/2015/07/08/08/10/massage-835468__480.jpg]
[page/unwind-top-haarlem-ontspanningsmassage-AJ1mzynHAZZ.html]
[v0.js]
[page/let-go-top-triggerpoint-massage-haarlem-I8OVaVDXoM162c.html]
[v0/amp-iframe-0.1.js]
[page/relax-top-haarlem-relax-massage-lIfO0gDwRb162c.html]
[page/de-stress-top-haarlem-shiatsu-massage--uqLwA9UnRv162c.html]
[page/let-go-top-holistische-massage-haarlem-K0T7rthiXBV.html]
[photo/2014/11/27/15/40/massage-547707_1280.jpg]
[page/de-stress-top-haarlem-shiatsu-massage--uqLwA9UnRv.html]
[page/let-go-best-haarlem-sport-massage-B8Lj4KZMkH162c.html]
[page/unwind-top-voet-massage-haarlem-CiZALB950t162c.html]
[page/de-stress-top-haarlem-sport-massage-IeTzAj_ys162c.html]
[page/let-go-best-holistische-massage-haarlem-4ZJXhoXa9t162c.html]
[page/let-go-top-bindweefselmassage-haarlem-qW4U5Hpv5iI162c.html]
[page/de-stress-top-haarlem-deep-tissue-massage-rTal09mcLoV162c.html]
[page/let-go-best-ontspanningsmassage-haarlem-xSJXiHUEuXB162c.html]
[page/relax-top-holistic-massage-haarlem-cMU3grElp0M162c.html]
[page/let-go-top-ontspannings-massage-haarlem-BsYDSj6Yrwy162c.html]
[page/de-stress-best-massagesalon-haarlem-8zRC09NTsir162c.html]
[page/de-stress-best-relax-massage-haarlem-E0-4wq4KScZ162c.html]
[page/let-go-best-cupping-massage-haarlem-O6i4nhyiki_162c.html]
[page/unwind-top-sport-massage-haarlem-SXttQPsa4rJ162c.html]
[page/unwind-top-bindweefsel-massage-haarlem-F50mQRojhOF162c.html]
[page/unwind-top-bindweefsel-massage-haarlem-F50mQRojhOF.html]
[page/unwind-best-professionele-massage-haarlem-UaX3pc9C2CS162c.html]
[page/let-go-best-triggerpoint-massage-haarlem-I9mMk99VJoa162c.html]
[page/relax-best-bindweefsel-massage-haarlem-E_oHAvZmgVc162c.html]
[page/unwind-top-haarlem-massage-7xVc6AKW9us162c.html]
[page/relax-top-haarlem-relax-massage-Fvt3LxFfa91162c.html]
[page/relax-top-ontspannings-massage-haarlem-pIZvgL8795.html]
[page/de-stress-top-haarlem-relax-massage-tecWnHAcwUO162c.html]
[page/relax-best-haarlem-masseur-SkAsQRvjm2_.html]
[photo/2015/10/31/12/30/massage-1015572_960_720.jpg]
[page/de-stress-top-haarlem-relax-massage-tecWnHAcwUO.html]
[page/let-go-best-ontspannings-massage-haarlem-AxgUy_BRQZE162c.html]
[page/unwind-best-haarlem-cupping-kjZiWi5xUtQ162c.html]
[page/relax-best-haarlem-deep-tissue-massage-hzF41zQo7CW162c.html]
[page/unwind-top-massagesalon-haarlem-JKb68Cr0k9E162c.html]
[page/unwind-best-holistic-massage-haarlem-4pd08aOdkAb162c.html]
[page/de-stress-best-ontspannings-massage-haarlem-7E1_t8xhraV162c.html]
[page/de-stress-best-ontspannings-massage-haarlem-7E1_t8xhraV.html]
[page/de-stress-top-haarlem-sportmassage-Fl7w2rl1AE162c.html]
[page/relax-top-ritmische-massage-haarlem-XufP6XXcmN3162c.html]
[page/de-stress-top-haarlem-deep-tissue-massage-BRi8Fglu6oR162c.html]
[page/relax-best-bindweefsel-massage-haarlem-KW5YkVe6ZeB.html]
[page/let-go-best-sportmassage-haarlem-MnuaHwXs1GH162c.html]
[photo/2019/03/13/07/20/ayurveda-4052367_1280.jpg]
[photo/2020/10/20/15/14/massage-5670714_1280.png]
[page/let-go-best-sportmassage-haarlem-MnuaHwXs1GH.html]
[page/de-stress-best-triggerpoint-massage-haarlem-VoIVSJOjn2y162c.html]
[page/unwind-best-massage-praktijk-haarlem-cw_Uc3CUZ1i162c.html]
[page/let-go-best-haarlem-shiatsu-massage-5in2EOMFyye.html]
[page/de-stress-best-haarlem-massage-OW7NqKR1EcR162c.html]
[photo/2018/08/29/10/53/massage-therapist-3639632_960_720.png]
[photo/2017/05/02/06/39/foot-massage-2277450_1280.jpg]
[page/de-stress-best-haarlem-massage-OW7NqKR1EcR.html]
[page/unwind-best-sportmassage-haarlem-twJ0jGHA5Cq162c.html]
[page/de-stress-top-haarlem-professionele-massage-Pbm00A7_Hv162c.html]
[page/unwind-top-voet-massage-haarlem-Uc9OiW3rvMh162c.html]
[page/unwind-top-haarlem-ontspanningsmassage-AJ1mzynHAZZ162c.html]
[page/de-stress-top-haarlem-shiatsu-massage--uqLwA9UnRv162c.html]
[page/let-go-top-holistische-massage-haarlem-K0T7rthiXBV162c.html]
[photo/2014/03/11/22/57/wellness-285591_960_720.jpg]
[page/let-go-top-haarlem-massage-praktijk-mniur71CwaK.html]
[photo/2017/09/20/14/59/massage-2768833_1280.jpg]
[page/let-go-top-holistische-massage-haarlem-K0T7rthiXBV.html]
[page/unwind-top-bindweefsel-massage-haarlem-F50mQRojhOF162c.html]
[page/relax-top-ontspannings-massage-haarlem-pIZvgL8795162c.html]
[photo/2020/01/28/19/59/thai-massage-4800867_1280.jpg]
[page/relax-top-ontspannings-massage-haarlem-pIZvgL8795.html]
[page/de-stress-top-haarlem-relax-massage-tecWnHAcwUO162c.html]
[page/relax-best-haarlem-masseur-SkAsQRvjm2_.html]
[page/de-stress-best-ontspannings-massage-haarlem-7E1_t8xhraV162c.html]
[page/relax-best-haarlem-masseur-SkAsQRvjm2_162c.html]
[page/relax-best-bindweefsel-massage-haarlem-KW5YkVe6ZeB162c.html]
[page/relax-best-bindweefsel-massage-haarlem-KW5YkVe6ZeB.html]
[page/let-go-best-sportmassage-haarlem-MnuaHwXs1GH162c.html]
[page/relax-best-haarlem-holistische-massage-p4rfuajmCqH.html]
[page/let-go-best-haarlem-shiatsu-massage-5in2EOMFyye162c.html]
[photo/2018/11/05/09/54/massage-3795692_1280.jpg]
[photo/2014/12/13/18/27/woman-567021__480.jpg]
[page/let-go-best-haarlem-shiatsu-massage-5in2EOMFyye.html]
[page/de-stress-best-haarlem-massage-OW7NqKR1EcR162c.html]
[page/let-go-top-holistische-massage-haarlem-K0T7rthiXBV162c.html]
[page/let-go-top-haarlem-massage-praktijk-mniur71CwaK162c.html]
[photo/2015/11/30/21/09/massage-1071130_1280.jpg]
[page/de-stress-top-massages-haarlem-2o72kF9GfK.html]
[photo/2018/02/27/03/36/stones-3184610_640.jpg]
[photo/2017/05/02/06/39/massage-2277449_1280.jpg]
[page/let-go-top-haarlem-massage-praktijk-mniur71CwaK.html]
[page/relax-top-ontspannings-massage-haarlem-pIZvgL8795162c.html]
[page/relax-best-haarlem-masseur-SkAsQRvjm2_162c.html]
[page/relax-best-bindweefsel-massage-haarlem-KW5YkVe6ZeB162c.html]
[page/relax-best-haarlem-holistische-massage-p4rfuajmCqH162c.html]
[photo/2017/05/22/06/14/massage-2333202_960_720.jpg]
[page/relax-best-haarlem-holistische-massage-p4rfuajmCqH.html]
[page/let-go-best-haarlem-shiatsu-massage-5in2EOMFyye162c.html]
[page/let-go-top-haarlem-massage-praktijk-mniur71CwaK162c.html]
[page/de-stress-top-massage-praktijk-haarlem-FHqQk36wVyZ.html]
[page/de-stress-top-massages-haarlem-2o72kF9GfK162c.html]
[page/relax-best-haarlem-bindweefsel-massage-nfVnD1Hjsr.html]
[photo/2020/08/04/20/40/massage-5463832_640.jpg]
[page/de-stress-top-massages-haarlem-2o72kF9GfK.html]
[page/relax-best-haarlem-holistische-massage-p4rfuajmCqH162c.html]
[page/de-stress-top-massage-praktijk-haarlem-FHqQk36wVyZ.html]
[page/de-stress-top-massages-haarlem-2o72kF9GfK162c.html]
[page/de-stress-top-massage-praktijk-haarlem-FHqQk36wVyZ162c.html]
[page/relax-best-haarlem-bindweefsel-massage-nfVnD1Hjsr.html]
[page/de-stress-top-massage-praktijk-haarlem-FHqQk36wVyZ162c.html]
[page/relax-best-haarlem-bindweefsel-massage-nfVnD1Hjsr162c.html]
[page/relax-best-haarlem-bindweefsel-massage-nfVnD1Hjsr162c.html]
